C51 COMPILER V9.01   小车瞋速度                                                            07/12/2016 22:10:21 PAGE 1   


C51 COMPILER V9.01, COMPILATION OF MODULE 小车瞋速度
OBJECT MODULE PLACED IN 小车测速度.OBJ
COMPILER INVOKED BY: C:\Keil\C51\BIN\C51.EXE 小车测速度.C BROWSE DEBUG OBJECTEXTEND

line level    source

   1           /**********************HL-1& ZY-2实验开发板例程************************
   2          *  平台：HL-1& ZY-2 V8.0 + Keil U3 + STC89C52
   3          *  名称：ZY-1智能小车参考程序
   4          *  公司：湖南智宇科教设备有限公司
   5          *  淘宝：https://hnzyrobot1688.taobao.com/     
   6          *  网站：www.hnzhiyu.cn 
   7          *  编写：智宇公司研发一部
   8          *  日期：2015-1-15
   9          *  交流:智能车QQ:261339276
  10          *  晶振:11.0592MHZ
  11          *  晶振:11.0592MHZ
  12          *  说明：免费开源，不提供源代码分析
  13          *  论坛：
  14          *  硬件设置：要有自己动手能力，才能完成实验
  15          *  使用说明：根据下面IO口自己用杜邦线连接各种模块，可以自己修改各种模块IO口
  16          
  17             重点提示：本程序只做参考，不提供技术支持，请自己研究吸收。
  18          
  19          /******************************************************************/
  20                  #include<AT89x51.H>
  21                  #include <intrins.h>
  22              #include "LCD1602display.h"
  23                  #include<HJ-4WD_PWM.H>            //包含HL-1蓝牙智能小车驱动IO口定义等函数
  24          /*   右电机测速线接 P3.2    左电机测速线接 P3.3*/
  25              #define Left_1_led        P3_7       // 左循迹传感器       由于测速程序  必须使用外部中断  所以之前的循迹传
             -感器IO由P3.3改为P3.7 
  26                  #define Right_1_led       P3_6   //右循迹传感器                 由于测速程序  必须使用外部中断  所以之前的循迹传感器I
             -O由P3.2改为P3.6 
  27                   
  28          
  29              unsigned char disbuff[6]={0};//用于分别存放速度的值的值     
  30                  unsigned char  time=0;                                                                                    //显示缓存
  31                  unsigned char  i =0;             //定义扫描数码管字数
  32                  unsigned int  count1=0;     //计右电机码盘脉冲值
  33                  unsigned int  count2=0;     //计左电机码盘脉冲值
  34                  unsigned int   V1=0;               //定义右电机其速度
  35                  unsigned int   V2=0;               //定义左电机其速度
  36          
  37                  void Delay400Ms(void);//延时400毫秒函数
  38          
  39          unsigned char code Range[] ="==Range Finder==";//LCD1602显示格式
  40          unsigned char code ASCII[15] ="0123456789CM S";
  41          
  42          unsigned char code ASCIIR[13] = "RMspeed:";
  43          unsigned char code ASCIIL[13] = "LMspeed:";
  44          unsigned char code table[]="Distance:001.0cm";
  45          unsigned char code table1[]="!!! Out of range";
  46          
  47          void Count(void);//距离计算函数
  48          void  Display_LCD();                      
  49          
  50          unsigned long S=0;//用于存放距离的值
  51          bit  flag =0; //量程溢出标志位
  52          bit  turn_right_flag;
  53             
C51 COMPILER V9.01   小车瞋速度                                                            07/12/2016 22:10:21 PAGE 2   

  54          /************************************************************************/
  55          ///*TIMER0中断服务子函数产生2MS定时扫描数码管与产生0。5S*/
  56                  void timer0()interrupt 1   using 2
  57          {
  58   1            TH0=(65536-2000)/256;             //2MS定时
  59   1            TL0=(65536-2000)%256;
  60   1      
  61   1               time++;
  62   1      //       Display_SMG();
  63   1               if(time>=250)  //250次即是，0。5S
  64   1               {
  65   2                time=0;
  66   2                V1=count1*2;   //计数公式：轮子直径*3.14/20格码盘=6.5Cm*3.14/20约=1cm  即一个脉冲走1CM距离
  67   2                               //圆周长公式     C = 2πr        所以将圆严格20等分  自然 一格就是约 1CM左右
  68   2                               // 0.5S  到了   计算在0.5S时间内的      脉冲数   因为1个脉冲基本是1CM  根据 S=VT公式  算出  
             -V = S/T 
  69   2                                               // 即  ((count1*1CM))/0.5S= (count1*2)CM/S
  70   2                                                        
  71   2      
  72   2                count1=0;              //清计数    0.5S  时间内  测一次速度     然后清0  重新 计数
  73   2                                                                                                                                                                                                                                                                                                              
  74   2                disbuff[0]=V1/100;             //右电机速度值百位
  75   2                disbuff[1]=V1%100/10;         //右电机速度值十位
  76   2            disbuff[2]=V1%100%10;             //右电机速度值个位
  77   2      
  78   2                V2=count2*2;   //计数公式：轮子直径*3.14/20格码盘=6.5Cm*3.14/20约=1cm  即一个脉冲走1CM距离
  79   2                               //圆周长公式     C = 2πr        所以将圆严格20等分  自然 一格就是约 1CM左右
  80   2                               // 0.5S  到了   计算在0.5S时间内的      脉冲数   因为1个脉冲基本是1CM  根据 S=VT公式  算出  
             -V = S/T 
  81   2                                               // 即  ((count1*1CM))/0.5S= (count1*2)CM/S
  82   2                                                        
  83   2      
  84   2                count2=0;              //清计数    0.5S  时间内  测一次速度     然后清0  重新 计数
  85   2                                                                                                                                                                                                                                                                                                              
  86   2                disbuff[3]=V2/100;             //左电机速度值百位
  87   2                disbuff[4]=V2%100/10;          //左电机速度值十位
  88   2            disbuff[5]=V2%100%10;             //左电机速度值个位
  89   2      
  90   2               }
  91   1       }
  92          void  Display_LCD()
  93          {
  94   1            DisplayOneChar(0, 1, ASCIIR[0]);    //
  95   1                DisplayOneChar(1, 1, ASCIIR[1]);        //
  96   1                DisplayOneChar(2, 1, ASCIIR[2]);        //
  97   1                DisplayOneChar(3, 1, ASCIIR[3]);        //
  98   1                DisplayOneChar(4, 1, ASCIIR[4]);        //
  99   1                DisplayOneChar(5, 1, ASCIIR[5]);        //
 100   1                DisplayOneChar(6, 1, ASCIIR[6]);        //
 101   1                DisplayOneChar(7, 1, ASCIIR[7]);        //
 102   1      
 103   1                DisplayOneChar(8, 1, ASCII[disbuff[0]]);        //右电机速度值百位
 104   1                DisplayOneChar(9, 1, ASCII[disbuff[1]]);        //右电机速度值十位
 105   1                DisplayOneChar(10, 1, ASCII[disbuff[2]]);        //右电机速度值个位
 106   1                DisplayOneChar(11, 1, ASCII[10]);        //
 107   1                DisplayOneChar(12, 1, ASCII[11]);        //
 108   1                DisplayOneChar(13, 1, 0x2f);    //根据1602的字符表找到 /
 109   1                DisplayOneChar(14, 1, ASCII[13]);        //
 110   1      
 111   1      
 112   1                DisplayOneChar(0, 0, ASCIIL[0]);        //
 113   1                DisplayOneChar(1, 0, ASCIIL[1]);        //
C51 COMPILER V9.01   小车瞋速度                                                            07/12/2016 22:10:21 PAGE 3   

 114   1                DisplayOneChar(2, 0, ASCIIL[2]);        //
 115   1                DisplayOneChar(3, 0, ASCIIL[3]);        //
 116   1                DisplayOneChar(4, 0, ASCIIL[4]);        //
 117   1                DisplayOneChar(5, 0, ASCIIL[5]);        //
 118   1                DisplayOneChar(6, 0, ASCIIL[6]);        //
 119   1                DisplayOneChar(7, 0, ASCIIL[7]);        //
 120   1      
 121   1                DisplayOneChar(8, 0, ASCII[disbuff[3]]);         //左电机速度值百位
 122   1                DisplayOneChar(9, 0, ASCII[disbuff[4]]);         //左电机速度值十位
 123   1                DisplayOneChar(10, 0, ASCII[disbuff[5]]);        //左电机速度值个位
 124   1            DisplayOneChar(11, 0, ASCII[10]);    //
 125   1                DisplayOneChar(12, 0, ASCII[11]);        //
 126   1                DisplayOneChar(13, 0, 0x2f);    //根据1602的字符表找到 /
 127   1                DisplayOneChar(14, 0, ASCII[13]);     
 128   1                 
 129   1      
 130   1      }
 131          /***************************************************/
 132           //外部0中断用于计算左轮的脉冲
 133             void intersvr1(void) interrupt 0 using 1
 134          
 135          {
 136   1          count1++;   
 137   1      }
 138             void intersvr2(void) interrupt 2 using 2
 139          
 140          {
 141   1          count2++;   
 142   1      }
 143          /************************************************************************/
 144          
 145          
 146          /*********************************************************************/          
 147          /*--主函数--*/
 148                  void main(void)
 149          {
 150   1              //cmg88();//关数码管
 151   1              Delay1ms(400); //启动等待，等LCM讲入工作状态
 152   1              LCMInit(); //LCM初始化
 153   1              Delay1ms(5);//延时片刻
 154   1      
 155   1          TMOD=0X11;
 156   1          TH0=(65536-2000)/256;               //2MS定时
 157   1          TL0=(65536-2000)%256;
 158   1              TR0= 1;
 159   1              ET0= 1;
 160   1      
 161   1              TH1= 0XFc;                //1ms定时
 162   1          TL1= 0X18;
 163   1          TR1= 1;
 164   1          ET1= 1;
 165   1      
 166   1              EX0=1;     //开启外部中断0
 167   1          IT0=1;         //下降沿有效
 168   1              IE0=0;
 169   1      
 170   1              EX1=1;     //开启外部中断1
 171   1          IT1=1;         //下降沿有效
 172   1              IE1=0;
 173   1              EA = 1;  
 174   1       //   run();
 175   1              
C51 COMPILER V9.01   小车瞋速度                                                            07/12/2016 22:10:21 PAGE 4   

 176   1              while(1)
 177   1              {
 178   2                 Display_LCD();               
 179   2                               //有信号为0  没有信号为1
 180   2               
 181   2                    if(Left_1_led==0&&Right_1_led==0)
 182   2      
 183   2                                run();   //调用前进函数
 184   2      
 185   2                                else
 186   2                               {                        
 187   3                                                     if(Left_1_led==1&&Right_1_led==0)            //左边检测到黑线
 188   3                                       {
 189   4                                                leftrun();              //调用小车左转  函数
 190   4      
 191   4                                   }
 192   3                                 
 193   3                                                                  if(Right_1_led==1&&Left_1_led==0)           //右边检测到黑线
 194   3                                        {       
 195   4                                            rightrun();                  //调用小车右转       函数
 196   4      
 197   4                                        }
 198   3                                                          if(Right_1_led==1&&Left_1_led==1)           //悬空
 199   3                                        {       
 200   4                                            stop();              //调用小车停止       函数
 201   4      
 202   4                                        }
 203   3      
 204   3                              } 
 205   2      
 206   2                                               
 207   2               }
 208   1      
 209   1      
 210   1      
 211   1      
 212   1      
 213   1      }
 214                  


MODULE INFORMATION:   STATIC OVERLAYABLE
   CODE SIZE        =   1177    ----
   CONSTANT SIZE    =     92    ----
   XDATA SIZE       =   ----    ----
   PDATA SIZE       =   ----    ----
   DATA SIZE        =     26       8
   IDATA SIZE       =   ----    ----
   BIT SIZE         =      4    ----
END OF MODULE INFORMATION.


C51 COMPILATION COMPLETE.  0 WARNING(S),  0 ERROR(S)
